nohup: ignoring input
[Fri Feb 27 05:40:10 PM UTC 2026] Analyzing Actin...
/home/luisa/aneurysm_project/src/postprocessing/analyze_structures.py:319: VisibleDeprecationWarning: separator in column name will change to _ in version 0.13; to silence this warning, use `separator='-'` to maintain current behavior and use `separator='_'` to switch to the new default behavior.
  actin_branch_data = summarize(skel_actin)
/home/luisa/aneurysm_project/src/postprocessing/analyze_structures.py:319: VisibleDeprecationWarning: separator in column name will change to _ in version 0.13; to silence this warning, use `separator='-'` to maintain current behavior and use `separator='_'` to switch to the new default behavior.
  actin_branch_data = summarize(skel_actin)
Found 81 files in experiments/V2/inference_results/new_BAV/Actin. structure=actin
Processed Actin_Test_0001.nii.gz
Processed Actin_Test_0002.nii.gz
Processed Actin_Test_0003.nii.gz
Processed Actin_Test_0004.nii.gz
Processed Actin_Test_0005.nii.gz
Processed Actin_Test_0006.nii.gz
Processed Actin_Test_0007.nii.gz
Processed Actin_Test_0008.nii.gz
Processed Actin_Test_0009.nii.gz
Processed Actin_Test_0010.nii.gz
Processed Actin_Test_0011.nii.gz
Processed Actin_Test_0012.nii.gz
Processed Actin_Test_0013.nii.gz
Processed Actin_Test_0014.nii.gz
Processed Actin_Test_0015.nii.gz
Processed Actin_Test_0016.nii.gz
Processed Actin_Test_0017.nii.gz
Processed Actin_Test_0018.nii.gz
Processed Actin_Test_0019.nii.gz
Processed Actin_Test_0020.nii.gz
Processed Actin_Test_0021.nii.gz
Processed Actin_Test_0022.nii.gz
Processed Actin_Test_0023.nii.gz
Processed Actin_Test_0024.nii.gz
Processed Actin_Test_0025.nii.gz
Processed Actin_Test_0026.nii.gz
Processed Actin_Test_0027.nii.gz
Processed Actin_Test_0028.nii.gz
Processed Actin_Test_0029.nii.gz
Processed Actin_Test_0030.nii.gz
Processed Actin_Test_0031.nii.gz
Processed Actin_Test_0032.nii.gz
Processed Actin_Test_0033.nii.gz
Processed Actin_Test_0034.nii.gz
Processed Actin_Test_0035.nii.gz
Processed Actin_Test_0036.nii.gz
Processed Actin_Test_0037.nii.gz
Processed Actin_Test_0038.nii.gz
Processed Actin_Test_0039.nii.gz
Processed Actin_Test_0040.nii.gz
Processed Actin_Test_0041.nii.gz
Processed Actin_Test_0042.nii.gz
Processed Actin_Test_0043.nii.gz
Processed Actin_Test_0044.nii.gz
Processed Actin_Test_0045.nii.gz
Processed Actin_Test_0046.nii.gz
Processed Actin_Test_0047.nii.gz
Processed Actin_Test_0048.nii.gz
Processed Actin_Test_0049.nii.gz
Processed Actin_Test_0050.nii.gz
Processed Actin_Test_0051.nii.gz
Processed Actin_Test_0052.nii.gz
Processed Actin_Test_0053.nii.gz
Processed Actin_Test_0054.nii.gz
Processed Actin_Test_0055.nii.gz
Processed Actin_Test_0056.nii.gz
Processed Actin_Test_0057.nii.gz
Processed Actin_Test_0058.nii.gz
Processed Actin_Test_0059.nii.gz
Processed Actin_Test_0060.nii.gz
Processed Actin_Test_0061.nii.gz
Processed Actin_Test_0062.nii.gz
Processed Actin_Test_0063.nii.gz
Processed Actin_Test_0064.nii.gz
Processed Actin_Test_0065.nii.gz
Processed Actin_Test_0066.nii.gz
Processed Actin_Test_0067.nii.gz
Processed Actin_Test_0068.nii.gz
Processed Actin_Test_0069.nii.gz
Processed Actin_Test_0070.nii.gz
Processed Actin_Test_0071.nii.gz
Processed Actin_Test_0072.nii.gz
Processed Actin_Test_0073.nii.gz
Processed Actin_Test_0074.nii.gz
Processed Actin_Test_0075.nii.gz
Processed Actin_Test_0076.nii.gz
Processed Actin_Test_0077.nii.gz
Processed Actin_Test_0078.nii.gz
Processed Actin_Test_0079.nii.gz
Processed Actin_Test_0080.nii.gz
Processed Actin_Test_0081.nii.gz
Saved results to outputs/new_BAV_features/Actin_features.csv
[Fri Feb 27 05:42:41 PM UTC 2026] Actin DONE
[Fri Feb 27 05:42:41 PM UTC 2026] Analyzing Mito...
/home/luisa/aneurysm_project/src/postprocessing/analyze_structures.py:160: VisibleDeprecationWarning: separator in column name will change to _ in version 0.13; to silence this warning, use `separator='-'` to maintain current behavior and use `separator='_'` to switch to the new default behavior.
  branch_data = summarize(skel_obj)
/home/luisa/aneurysm_project/src/postprocessing/analyze_structures.py:160: VisibleDeprecationWarning: separator in column name will change to _ in version 0.13; to silence this warning, use `separator='-'` to maintain current behavior and use `separator='_'` to switch to the new default behavior.
  branch_data = summarize(skel_obj)
Found 81 files in experiments/V2/inference_results/new_BAV/Mito. structure=mito
Processed Mito_Test_0001.nii.gz
Processed Mito_Test_0002.nii.gz
Processed Mito_Test_0003.nii.gz
Processed Mito_Test_0004.nii.gz
Processed Mito_Test_0005.nii.gz
Processed Mito_Test_0006.nii.gz
Processed Mito_Test_0007.nii.gz
Processed Mito_Test_0008.nii.gz
Processed Mito_Test_0009.nii.gz
Processed Mito_Test_0010.nii.gz
Processed Mito_Test_0011.nii.gz
Processed Mito_Test_0012.nii.gz
Processed Mito_Test_0013.nii.gz
Processed Mito_Test_0014.nii.gz
Processed Mito_Test_0015.nii.gz
Processed Mito_Test_0016.nii.gz
Processed Mito_Test_0017.nii.gz
Processed Mito_Test_0018.nii.gz
Processed Mito_Test_0019.nii.gz
Processed Mito_Test_0020.nii.gz
Processed Mito_Test_0021.nii.gz
Processed Mito_Test_0022.nii.gz
Processed Mito_Test_0023.nii.gz
Processed Mito_Test_0024.nii.gz
Processed Mito_Test_0025.nii.gz
Processed Mito_Test_0026.nii.gz
Processed Mito_Test_0027.nii.gz
Processed Mito_Test_0028.nii.gz
Processed Mito_Test_0029.nii.gz
Processed Mito_Test_0030.nii.gz
Processed Mito_Test_0031.nii.gz
Processed Mito_Test_0032.nii.gz
Processed Mito_Test_0033.nii.gz
Processed Mito_Test_0034.nii.gz
Processed Mito_Test_0035.nii.gz
Processed Mito_Test_0036.nii.gz
Processed Mito_Test_0037.nii.gz
Processed Mito_Test_0038.nii.gz
Processed Mito_Test_0039.nii.gz
Processed Mito_Test_0040.nii.gz
Processed Mito_Test_0041.nii.gz
Processed Mito_Test_0042.nii.gz
Processed Mito_Test_0043.nii.gz
Processed Mito_Test_0044.nii.gz
Processed Mito_Test_0045.nii.gz
Processed Mito_Test_0046.nii.gz
Processed Mito_Test_0047.nii.gz
Processed Mito_Test_0048.nii.gz
Processed Mito_Test_0049.nii.gz
Processed Mito_Test_0050.nii.gz
Processed Mito_Test_0051.nii.gz
Processed Mito_Test_0052.nii.gz
Processed Mito_Test_0053.nii.gz
Processed Mito_Test_0054.nii.gz
Processed Mito_Test_0055.nii.gz
Processed Mito_Test_0056.nii.gz
Processed Mito_Test_0057.nii.gz
Processed Mito_Test_0058.nii.gz
Processed Mito_Test_0059.nii.gz
Processed Mito_Test_0060.nii.gz
Processed Mito_Test_0061.nii.gz
Processed Mito_Test_0062.nii.gz
Processed Mito_Test_0063.nii.gz
Processed Mito_Test_0064.nii.gz
Processed Mito_Test_0065.nii.gz
Processed Mito_Test_0066.nii.gz
Processed Mito_Test_0067.nii.gz
Processed Mito_Test_0068.nii.gz
Processed Mito_Test_0069.nii.gz
Processed Mito_Test_0070.nii.gz
Processed Mito_Test_0071.nii.gz
Processed Mito_Test_0072.nii.gz
Processed Mito_Test_0073.nii.gz
Processed Mito_Test_0074.nii.gz
Processed Mito_Test_0075.nii.gz
Processed Mito_Test_0076.nii.gz
Processed Mito_Test_0077.nii.gz
Processed Mito_Test_0078.nii.gz
Processed Mito_Test_0079.nii.gz
Processed Mito_Test_0080.nii.gz
Processed Mito_Test_0081.nii.gz
Saved results to outputs/new_BAV_features/Mito_features.csv
[Fri Feb 27 05:45:02 PM UTC 2026] Mito DONE
[Fri Feb 27 05:45:02 PM UTC 2026] Analyzing Nucleus...
Found 81 files in experiments/V2/inference_results/new_BAV/Nucleus. structure=nucleus
Processed Nucleus_Test_0001.nii.gz
Processed Nucleus_Test_0002.nii.gz
Processed Nucleus_Test_0003.nii.gz
Processed Nucleus_Test_0004.nii.gz
Processed Nucleus_Test_0005.nii.gz
Processed Nucleus_Test_0006.nii.gz
Processed Nucleus_Test_0007.nii.gz
Processed Nucleus_Test_0008.nii.gz
Processed Nucleus_Test_0009.nii.gz
Processed Nucleus_Test_0010.nii.gz
Processed Nucleus_Test_0011.nii.gz
Processed Nucleus_Test_0012.nii.gz
Processed Nucleus_Test_0013.nii.gz
Processed Nucleus_Test_0014.nii.gz
Processed Nucleus_Test_0015.nii.gz
Processed Nucleus_Test_0016.nii.gz
Processed Nucleus_Test_0017.nii.gz
Processed Nucleus_Test_0018.nii.gz
Processed Nucleus_Test_0019.nii.gz
Processed Nucleus_Test_0020.nii.gz
Processed Nucleus_Test_0021.nii.gz
Processed Nucleus_Test_0022.nii.gz
Processed Nucleus_Test_0023.nii.gz
Processed Nucleus_Test_0024.nii.gz
Processed Nucleus_Test_0025.nii.gz
Processed Nucleus_Test_0026.nii.gz
Processed Nucleus_Test_0027.nii.gz
Processed Nucleus_Test_0028.nii.gz
Processed Nucleus_Test_0029.nii.gz
Processed Nucleus_Test_0030.nii.gz
Processed Nucleus_Test_0031.nii.gz
Processed Nucleus_Test_0032.nii.gz
Processed Nucleus_Test_0033.nii.gz
Processed Nucleus_Test_0034.nii.gz
Processed Nucleus_Test_0035.nii.gz
Processed Nucleus_Test_0036.nii.gz
Processed Nucleus_Test_0037.nii.gz
Processed Nucleus_Test_0038.nii.gz
Processed Nucleus_Test_0039.nii.gz
Processed Nucleus_Test_0040.nii.gz
Processed Nucleus_Test_0041.nii.gz
Processed Nucleus_Test_0042.nii.gz
Processed Nucleus_Test_0043.nii.gz
Processed Nucleus_Test_0044.nii.gz
Processed Nucleus_Test_0045.nii.gz
Processed Nucleus_Test_0046.nii.gz
Processed Nucleus_Test_0047.nii.gz
Processed Nucleus_Test_0048.nii.gz
Processed Nucleus_Test_0049.nii.gz
Processed Nucleus_Test_0050.nii.gz
Processed Nucleus_Test_0051.nii.gz
Processed Nucleus_Test_0052.nii.gz
Processed Nucleus_Test_0053.nii.gz
Processed Nucleus_Test_0054.nii.gz
Processed Nucleus_Test_0055.nii.gz
Processed Nucleus_Test_0056.nii.gz
Processed Nucleus_Test_0057.nii.gz
Processed Nucleus_Test_0058.nii.gz
Processed Nucleus_Test_0059.nii.gz
Processed Nucleus_Test_0060.nii.gz
Processed Nucleus_Test_0061.nii.gz
Processed Nucleus_Test_0062.nii.gz
Processed Nucleus_Test_0063.nii.gz
Processed Nucleus_Test_0064.nii.gz
Processed Nucleus_Test_0065.nii.gz
Processed Nucleus_Test_0066.nii.gz
Processed Nucleus_Test_0067.nii.gz
Processed Nucleus_Test_0068.nii.gz
Processed Nucleus_Test_0069.nii.gz
Processed Nucleus_Test_0070.nii.gz
Processed Nucleus_Test_0071.nii.gz
Processed Nucleus_Test_0072.nii.gz
Processed Nucleus_Test_0073.nii.gz
Processed Nucleus_Test_0074.nii.gz
Processed Nucleus_Test_0075.nii.gz
Processed Nucleus_Test_0076.nii.gz
Processed Nucleus_Test_0077.nii.gz
Processed Nucleus_Test_0078.nii.gz
Processed Nucleus_Test_0079.nii.gz
Processed Nucleus_Test_0080.nii.gz
Processed Nucleus_Test_0081.nii.gz
Saved results to outputs/new_BAV_features/Nucleus_features.csv
[Fri Feb 27 05:47:35 PM UTC 2026] Nucleus DONE
[Fri Feb 27 05:47:35 PM UTC 2026] ALL DONE
